// Jest Snapshot v1, https://goo.gl/fbAQLP

exports[`healthcheck methods healthcheck handler health dependency status handler should throw 500 if a fatal error occurs 1`] = `
Array [
  [Error: Internal Server Error],
]
`;

exports[`healthcheck methods healthcheck routes should return an array of routes for health check 1`] = `
Array [
  Object {
    "config": Object {
      "auth": false,
      "description": "Get Up Status of Server",
      "notes": Array [
        "Returns success status if the server is online",
      ],
      "plugins": Object {
        "hapi-swagger": Object {
          "responses": Object {
            "200": Object {
              "description": "Server Online",
              "schema":  {
                "_baseType": undefined,
                "_description": null,
                "_examples": Array [],
                "_flags": Object {
                  "presence": "required",
                },
                "_inner": Object {
                  "children": Array [
                    Object {
                      "key": "status",
                      "schema":  {
                        "_baseType": undefined,
                        "_description": null,
                        "_examples": Array [],
                        "_flags": Object {
                          "allowOnly": true,
                          "presence": "required",
                        },
                        "_inner": Object {},
                        "_invalids": Set {
                          "_set": Array [
                            "",
                          ],
                        },
                        "_meta": Array [],
                        "_notes": Array [],
                        "_refs": Array [],
                        "_settings": null,
                        "_tags": Array [],
                        "_tests": Array [],
                        "_type": "string",
                        "_unit": null,
                        "_valids": Set {
                          "_set": Array [
                            "OK",
                          ],
                        },
                        "isJoi": true,
                      },
                    },
                  ],
                  "dependencies": Array [],
                  "patterns": Array [],
                  "renames": Array [],
                },
                "_invalids": Set {
                  "_set": Array [],
                },
                "_meta": Array [],
                "_notes": Array [],
                "_refs": Array [],
                "_settings": null,
                "_tags": Array [],
                "_tests": Array [],
                "_type": "object",
                "_unit": null,
                "_valids": Set {
                  "_set": Array [],
                },
                "isJoi": true,
              },
            },
          },
        },
      },
      "tags": Array [
        "api",
        "Server Utilities",
      ],
    },
    "handler": [Function],
    "method": "GET",
    "path": "/health",
  },
  Object {
    "config": Object {
      "auth": false,
      "description": "Get Up Status of Server Dependencies",
      "notes": Array [
        "Returns an array of each server dependency with up status and latency",
      ],
      "plugins": Object {
        "hapi-swagger": Object {
          "responses": Object {
            "200": Object {
              "descripton": "Server Online",
              "schema":  {
                "_baseType": undefined,
                "_description": null,
                "_examples": Array [],
                "_flags": Object {
                  "presence": "required",
                  "sparse": false,
                },
                "_inner": Object {
                  "exclusions": Array [],
                  "inclusions": Array [
                     {
                      "_baseType": undefined,
                      "_description": null,
                      "_examples": Array [],
                      "_flags": Object {},
                      "_inner": Object {
                        "children": Array [
                          Object {
                            "key": "name",
                            "schema":  {
                              "_baseType": undefined,
                              "_description": null,
                              "_examples": Array [],
                              "_flags": Object {
                                "allowOnly": true,
                                "presence": "required",
                              },
                              "_inner": Object {},
                              "_invalids": Set {
                                "_set": Array [
                                  "",
                                ],
                              },
                              "_meta": Array [],
                              "_notes": Array [],
                              "_refs": Array [],
                              "_settings": null,
                              "_tags": Array [],
                              "_tests": Array [],
                              "_type": "string",
                              "_unit": null,
                              "_valids": Set {
                                "_set": Array [
                                  "smtp",
                                ],
                              },
                              "isJoi": true,
                            },
                          },
                          Object {
                            "key": "up",
                            "schema":  {
                              "_baseType": undefined,
                              "_description": null,
                              "_examples": Array [],
                              "_flags": Object {
                                "insensitive": true,
                                "presence": "required",
                              },
                              "_inner": Object {
                                "falsySet": Set {
                                  "_set": Array [],
                                },
                                "truthySet": Set {
                                  "_set": Array [],
                                },
                              },
                              "_invalids": Set {
                                "_set": Array [],
                              },
                              "_meta": Array [],
                              "_notes": Array [],
                              "_refs": Array [],
                              "_settings": null,
                              "_tags": Array [],
                              "_tests": Array [],
                              "_type": "boolean",
                              "_unit": null,
                              "_valids": Set {
                                "_set": Array [],
                              },
                              "isJoi": true,
                            },
                          },
                          Object {
                            "key": "duration",
                            "schema":  {
                              "_baseType": undefined,
                              "_description": null,
                              "_examples": Array [],
                              "_flags": Object {
                                "presence": "required",
                              },
                              "_inner": Object {},
                              "_invalids": Set {
                                "_set": Array [
                                  Infinity,
                                  -Infinity,
                                ],
                              },
                              "_meta": Array [],
                              "_notes": Array [],
                              "_refs": Array [],
                              "_settings": null,
                              "_tags": Array [],
                              "_tests": Array [],
                              "_type": "number",
                              "_unit": null,
                              "_valids": Set {
                                "_set": Array [],
                              },
                              "isJoi": true,
                            },
                          },
                          Object {
                            "key": "msg",
                            "schema":  {
                              "_baseType": undefined,
                              "_description": null,
                              "_examples": Array [],
                              "_flags": Object {
                                "label": "Human readable response about dependency status",
                                "presence": "required",
                              },
                              "_inner": Object {},
                              "_invalids": Set {
                                "_set": Array [
                                  "",
                                ],
                              },
                              "_meta": Array [],
                              "_notes": Array [],
                              "_refs": Array [],
                              "_settings": null,
                              "_tags": Array [],
                              "_tests": Array [],
                              "_type": "string",
                              "_unit": null,
                              "_valids": Set {
                                "_set": Array [],
                              },
                              "isJoi": true,
                            },
                          },
                        ],
                        "dependencies": Array [],
                        "patterns": Array [],
                        "renames": Array [],
                      },
                      "_invalids": Set {
                        "_set": Array [],
                      },
                      "_meta": Array [],
                      "_notes": Array [],
                      "_refs": Array [],
                      "_settings": null,
                      "_tags": Array [],
                      "_tests": Array [],
                      "_type": "object",
                      "_unit": null,
                      "_valids": Set {
                        "_set": Array [],
                      },
                      "isJoi": true,
                    },
                  ],
                  "items": Array [
                     {
                      "_baseType": undefined,
                      "_description": null,
                      "_examples": Array [],
                      "_flags": Object {},
                      "_inner": Object {
                        "children": Array [
                          Object {
                            "key": "name",
                            "schema":  {
                              "_baseType": undefined,
                              "_description": null,
                              "_examples": Array [],
                              "_flags": Object {
                                "allowOnly": true,
                                "presence": "required",
                              },
                              "_inner": Object {},
                              "_invalids": Set {
                                "_set": Array [
                                  "",
                                ],
                              },
                              "_meta": Array [],
                              "_notes": Array [],
                              "_refs": Array [],
                              "_settings": null,
                              "_tags": Array [],
                              "_tests": Array [],
                              "_type": "string",
                              "_unit": null,
                              "_valids": Set {
                                "_set": Array [
                                  "smtp",
                                ],
                              },
                              "isJoi": true,
                            },
                          },
                          Object {
                            "key": "up",
                            "schema":  {
                              "_baseType": undefined,
                              "_description": null,
                              "_examples": Array [],
                              "_flags": Object {
                                "insensitive": true,
                                "presence": "required",
                              },
                              "_inner": Object {
                                "falsySet": Set {
                                  "_set": Array [],
                                },
                                "truthySet": Set {
                                  "_set": Array [],
                                },
                              },
                              "_invalids": Set {
                                "_set": Array [],
                              },
                              "_meta": Array [],
                              "_notes": Array [],
                              "_refs": Array [],
                              "_settings": null,
                              "_tags": Array [],
                              "_tests": Array [],
                              "_type": "boolean",
                              "_unit": null,
                              "_valids": Set {
                                "_set": Array [],
                              },
                              "isJoi": true,
                            },
                          },
                          Object {
                            "key": "duration",
                            "schema":  {
                              "_baseType": undefined,
                              "_description": null,
                              "_examples": Array [],
                              "_flags": Object {
                                "presence": "required",
                              },
                              "_inner": Object {},
                              "_invalids": Set {
                                "_set": Array [
                                  Infinity,
                                  -Infinity,
                                ],
                              },
                              "_meta": Array [],
                              "_notes": Array [],
                              "_refs": Array [],
                              "_settings": null,
                              "_tags": Array [],
                              "_tests": Array [],
                              "_type": "number",
                              "_unit": null,
                              "_valids": Set {
                                "_set": Array [],
                              },
                              "isJoi": true,
                            },
                          },
                          Object {
                            "key": "msg",
                            "schema":  {
                              "_baseType": undefined,
                              "_description": null,
                              "_examples": Array [],
                              "_flags": Object {
                                "label": "Human readable response about dependency status",
                                "presence": "required",
                              },
                              "_inner": Object {},
                              "_invalids": Set {
                                "_set": Array [
                                  "",
                                ],
                              },
                              "_meta": Array [],
                              "_notes": Array [],
                              "_refs": Array [],
                              "_settings": null,
                              "_tags": Array [],
                              "_tests": Array [],
                              "_type": "string",
                              "_unit": null,
                              "_valids": Set {
                                "_set": Array [],
                              },
                              "isJoi": true,
                            },
                          },
                        ],
                        "dependencies": Array [],
                        "patterns": Array [],
                        "renames": Array [],
                      },
                      "_invalids": Set {
                        "_set": Array [],
                      },
                      "_meta": Array [],
                      "_notes": Array [],
                      "_refs": Array [],
                      "_settings": null,
                      "_tags": Array [],
                      "_tests": Array [],
                      "_type": "object",
                      "_unit": null,
                      "_valids": Set {
                        "_set": Array [],
                      },
                      "isJoi": true,
                    },
                  ],
                  "ordereds": Array [],
                  "requireds": Array [],
                },
                "_invalids": Set {
                  "_set": Array [],
                },
                "_meta": Array [],
                "_notes": Array [],
                "_refs": Array [],
                "_settings": null,
                "_tags": Array [],
                "_tests": Array [
                  Object {
                    "arg": 1,
                    "func": [Function],
                    "name": "length",
                    "options": undefined,
                  },
                  Object {
                    "arg": Object {},
                    "func": [Function],
                    "name": "unique",
                    "options": undefined,
                  },
                ],
                "_type": "array",
                "_unit": null,
                "_valids": Set {
                  "_set": Array [],
                },
                "isJoi": true,
              },
            },
            "500": Object {
              "description": "Internal Server Error",
              "schema":  {
                "_baseType": undefined,
                "_description": null,
                "_examples": Array [],
                "_flags": Object {
                  "presence": "required",
                },
                "_inner": Object {
                  "children": Array [
                    Object {
                      "key": "statusCode",
                      "schema":  {
                        "_baseType": undefined,
                        "_description": null,
                        "_examples": Array [],
                        "_flags": Object {
                          "allowOnly": true,
                          "presence": "required",
                        },
                        "_inner": Object {},
                        "_invalids": Set {
                          "_set": Array [
                            "",
                          ],
                        },
                        "_meta": Array [],
                        "_notes": Array [],
                        "_refs": Array [],
                        "_settings": null,
                        "_tags": Array [],
                        "_tests": Array [],
                        "_type": "string",
                        "_unit": null,
                        "_valids": Set {
                          "_set": Array [
                            "500",
                          ],
                        },
                        "isJoi": true,
                      },
                    },
                    Object {
                      "key": "error",
                      "schema":  {
                        "_baseType": undefined,
                        "_description": null,
                        "_examples": Array [],
                        "_flags": Object {
                          "allowOnly": true,
                          "presence": "required",
                        },
                        "_inner": Object {},
                        "_invalids": Set {
                          "_set": Array [
                            "",
                          ],
                        },
                        "_meta": Array [],
                        "_notes": Array [],
                        "_refs": Array [],
                        "_settings": null,
                        "_tags": Array [],
                        "_tests": Array [],
                        "_type": "string",
                        "_unit": null,
                        "_valids": Set {
                          "_set": Array [
                            "Internal Server Error",
                          ],
                        },
                        "isJoi": true,
                      },
                    },
                    Object {
                      "key": "message",
                      "schema":  {
                        "_baseType": undefined,
                        "_description": null,
                        "_examples": Array [],
                        "_flags": Object {
                          "allowOnly": true,
                          "presence": "required",
                        },
                        "_inner": Object {},
                        "_invalids": Set {
                          "_set": Array [
                            "",
                          ],
                        },
                        "_meta": Array [],
                        "_notes": Array [],
                        "_refs": Array [],
                        "_settings": null,
                        "_tags": Array [],
                        "_tests": Array [],
                        "_type": "string",
                        "_unit": null,
                        "_valids": Set {
                          "_set": Array [
                            "An internal server error occurred",
                          ],
                        },
                        "isJoi": true,
                      },
                    },
                  ],
                  "dependencies": Array [],
                  "patterns": Array [],
                  "renames": Array [],
                },
                "_invalids": Set {
                  "_set": Array [],
                },
                "_meta": Array [],
                "_notes": Array [],
                "_refs": Array [],
                "_settings": null,
                "_tags": Array [],
                "_tests": Array [],
                "_type": "object",
                "_unit": null,
                "_valids": Set {
                  "_set": Array [],
                },
                "isJoi": true,
              },
            },
          },
        },
      },
      "tags": Array [
        "api",
        "Server Utilities",
      ],
    },
    "handler": [Function],
    "method": "GET",
    "path": "/health/all",
  },
]
`;
